INFO: [environment.cc:36] Creating LiteRT environment with options
WARNING: [npu_registry.cc:34] NPU accelerator could not be loaded and registered: kLiteRtStatusErrorInvalidArgument.
INFO: [accelerator_registry.cc:54] RegisterAccelerator: ptr=0x3094a340, name=GPU WebGPU
INFO: [gpu_registry.cc:87] Statically linked GPU accelerator registered.
INFO: [accelerator_registry.cc:54] RegisterAccelerator: ptr=0x3094b8c0, name=CpuAccelerator
INFO: [cpu_registry.cc:75] XNNPACK CPU accelerator registered.
INFO: [environment.cc:36] Creating LiteRT environment with options
WARNING: [npu_registry.cc:34] NPU accelerator could not be loaded and registered: kLiteRtStatusErrorInvalidArgument.
INFO: [accelerator_registry.cc:54] RegisterAccelerator: ptr=0x31b50500, name=GPU WebGPU
INFO: [gpu_registry.cc:87] Statically linked GPU accelerator registered.
INFO: [accelerator_registry.cc:54] RegisterAccelerator: ptr=0x333eea00, name=CpuAccelerator
INFO: [cpu_registry.cc:75] XNNPACK CPU accelerator registered.
WARNING: Logging before InitGoogle() is written to STDERR
W0000 00:00:1788770407.048956    5576 litert_lm_loader.cc:291] Section not found: 	
W0000 00:00:1788770407.049040    5576 litert_lm_loader.cc:291] Section not found: 	
INFO: [magic_number_utils.cc:101] Loaded: num_subgraphs=1340, num_signatures=4
INFO: [magic_number_utils.cc:109]   signature=decode, subgraph_index=0, num_tensors=3514, num_inputs=53, num_outputs=50, num_ops=2712
INFO: [magic_number_utils.cc:109]   signature=prefill_1024, subgraph_index=1, num_tensors=2309, num_inputs=53, num_outputs=48, num_ops=1773
INFO: [magic_number_utils.cc:109]   signature=prefill_128, subgraph_index=2, num_tensors=2309, num_inputs=53, num_outputs=48, num_ops=1773
INFO: [magic_number_utils.cc:109]   signature=verify, subgraph_index=3, num_tensors=3606, num_inputs=53, num_outputs=50, num_ops=2801
INFO: [magic_number_utils.cc:113] Magic number configs: num_configs=1
INFO: [magic_number_utils.cc:120]   config[0]: magic_number=32003, target_number=4096, signature_prefix=null
INFO: [magic_number_utils.cc:536] 577 tensors of signature decode have been updated for magic number  32003 to target number 4096
INFO: [magic_number_utils.cc:536] 426 tensors of signature prefill_1024 have been updated for magic number  32003 to target number 4096
INFO: [magic_number_utils.cc:536] 426 tensors of signature prefill_128 have been updated for magic number  32003 to target number 4096
INFO: [magic_number_utils.cc:536] 581 tensors of signature verify have been updated for magic number  32003 to target number 4096
INFO: [compiled_model.cc:833] Flatbuffer model initialized directly from incoming litert model.
INFO: Created TensorFlow Lite XNNPACK delegate for CPU.
INFO: [environment.cc:36] Creating LiteRT environment with options
WARNING: [npu_registry.cc:34] NPU accelerator could not be loaded and registered: kLiteRtStatusErrorInvalidArgument.
INFO: [accelerator_registry.cc:54] RegisterAccelerator: ptr=0x38e9b740, name=GPU WebGPU
INFO: [gpu_registry.cc:87] Statically linked GPU accelerator registered.
INFO: [accelerator_registry.cc:54] RegisterAccelerator: ptr=0x3940b5b0, name=CpuAccelerator
INFO: [cpu_registry.cc:75] XNNPACK CPU accelerator registered.
INFO: [magic_number_utils.cc:101] Loaded: num_subgraphs=1, num_signatures=1
INFO: [magic_number_utils.cc:109]   signature=embedder, subgraph_index=0, num_tensors=16, num_inputs=1, num_outputs=1, num_ops=8
INFO: [magic_number_utils.cc:113] Magic number configs: num_configs=1
INFO: [magic_number_utils.cc:120]   config[0]: magic_number=32003, target_number=4096, signature_prefix=null
INFO: [compiled_model.cc:833] Flatbuffer model initialized directly from incoming litert model.
INFO: [magic_number_utils.cc:101] Loaded: num_subgraphs=1, num_signatures=1
INFO: [magic_number_utils.cc:109]   signature=eoi, subgraph_index=0, num_tensors=1, num_inputs=0, num_outputs=1, num_ops=0
INFO: [magic_number_utils.cc:113] Magic number configs: num_configs=1
INFO: [magic_number_utils.cc:120]   config[0]: magic_number=32003, target_number=4096, signature_prefix=null
INFO: [compiled_model.cc:833] Flatbuffer model initialized directly from incoming litert model.
INFO: [compiled_model.cc:1790] Tracked constant output tensor eoi_embedding with locked address
INFO: [magic_number_utils.cc:101] Loaded: num_subgraphs=1, num_signatures=1
INFO: [magic_number_utils.cc:109]   signature=eoa, subgraph_index=0, num_tensors=1, num_inputs=0, num_outputs=1, num_ops=0
INFO: [magic_number_utils.cc:113] Magic number configs: num_configs=1
INFO: [magic_number_utils.cc:120]   config[0]: magic_number=32003, target_number=4096, signature_prefix=null
INFO: [compiled_model.cc:833] Flatbuffer model initialized directly from incoming litert model.
INFO: [compiled_model.cc:1790] Tracked constant output tensor eoa_embedding with locked address
INFO: [magic_number_utils.cc:101] Loaded: num_subgraphs=1, num_signatures=1
INFO: [magic_number_utils.cc:109]   signature=per_layer_embedder, subgraph_index=0, num_tensors=97, num_inputs=1, num_outputs=1, num_ops=49
INFO: [magic_number_utils.cc:113] Magic number configs: num_configs=1
INFO: [magic_number_utils.cc:120]   config[0]: magic_number=32003, target_number=4096, signature_prefix=null
INFO: [compiled_model.cc:833] Flatbuffer model initialized directly from incoming litert model.
W0000 00:00:1788770407.547448    5576 mel_filterbank.cc:137] Missing 10 bands  starting at 0 in mel-frequency design. Perhaps too many channels or not enough frequency resolution in spectrum. (fft_length: 257 sample_rate: 16000 mel_channel_count: 128 lower_frequency_limit: 0 upper_frequency_limit: 8000
I0000 00:00:1788770407.665282    5576 init-domain.cc:132] Fiber init: default domain = futex, concurrency = 4, prefix = futex-default
I0000 00:00:1788770408.579022    5576 vocab_utils.cc:467] Converted 262158 tokens into 278614 state FST in 450.998211ms
W0000 00:00:1788770431.111293    5591 tasks.cc:490] Failed to get prefill profile summary: INVALID_ARGUMENT: ERROR: [third_party/odml/litert_lm/runtime/executor/llm_litert_compiled_model_executor.cc:1763]
└ ERROR: [third_party/odml/litert/litert/cc/litert_profiler.h:91]
=== Source Location Trace: === 
third_party/odml/litert/litert/cc/litert_macros.h:547
W0000 00:00:1788770440.838102    5591 tasks.cc:672] Failed to get decode profile summary: INVALID_ARGUMENT: ERROR: [third_party/odml/litert_lm/runtime/executor/llm_litert_compiled_model_executor.cc:1763]
└ ERROR: [third_party/odml/litert/litert/cc/litert_profiler.h:91]
=== Source Location Trace: === 
third_party/odml/litert/litert/cc/litert_macros.h:547
step   3 day 0 h 3 ['NORTH']                  hands=3 mkt=[['BUY_SEED', 'MELON', 2]]         legal 30.25s
        example[teacher:../cloud-dispatch/candidate.py::agent] {"plan":"north: cash +29","farmer":["NORTH"],"hands":[["SOUTH"],["EAST"],["BUILD_PASTURE"]],"mar
        example[teacher:../cloud-dispatch/candidate.py::agent] {"plan":"feed: productive tile/unit work","farmer":["FEED"],"hands":[["PLACE","SHEEP"],["PLACE",
        plan: acquire_pasture_and_seed_melons
        outcome: neutral -- movement or storage only
W0000 00:00:1788770440.975103    5576 mel_filterbank.cc:137] Missing 10 bands  starting at 0 in mel-frequency design. Perhaps too many channels or not enough frequency resolution in spectrum. (fft_length: 257 sample_rate: 16000 mel_channel_count: 128 lower_frequency_limit: 0 upper_frequency_limit: 8000
I0000 00:00:1788770441.783813    5576 vocab_utils.cc:467] Converted 262158 tokens into 278614 state FST in 453.686807ms
W0000 00:00:1788770459.135092    5591 tasks.cc:490] Failed to get prefill profile summary: INVALID_ARGUMENT: ERROR: [third_party/odml/litert_lm/runtime/executor/llm_litert_compiled_model_executor.cc:1763]
└ ERROR: [third_party/odml/litert/litert/cc/litert_profiler.h:91]
=== Source Location Trace: === 
third_party/odml/litert/litert/cc/litert_macros.h:547
W0000 00:00:1788770463.185074    5591 tasks.cc:672] Failed to get decode profile summary: INVALID_ARGUMENT: ERROR: [third_party/odml/litert_lm/runtime/executor/llm_litert_compiled_model_executor.cc:1763]
└ ERROR: [third_party/odml/litert/litert/cc/litert_profiler.h:91]
=== Source Location Trace: === 
third_party/odml/litert/litert/cc/litert_macros.h:547
step   4 day 0 h 4 ['BUILD_PASTURE']          hands=3 mkt=[]                                 legal 19.57s
        example[model] {"farmer":["BUILD_PASTURE"],"hands":[["PASS"],["PASS"],["PASS"]],"market":[],"plan":"acquire_pas
        example[teacher:../cloud-dispatch/candidate.py::agent] {"plan":"plant melon: productive tile/unit work","farmer":["PLANT","MELON"],"hands":[["NORTH"],[
        plan: acquire_pasture_and_seed_melons
        outcome: pending -- structure built with no animal on it yet; it pays only once an animal is installed and fed
W0000 00:00:1788770463.296663    5576 mel_filterbank.cc:137] Missing 10 bands  starting at 0 in mel-frequency design. Perhaps too many channels or not enough frequency resolution in spectrum. (fft_length: 257 sample_rate: 16000 mel_channel_count: 128 lower_frequency_limit: 0 upper_frequency_limit: 8000
I0000 00:00:1788770464.075429    5576 vocab_utils.cc:467] Converted 262158 tokens into 278614 state FST in 421.110199ms
W0000 00:00:1788770481.729912    5591 tasks.cc:490] Failed to get prefill profile summary: INVALID_ARGUMENT: ERROR: [third_party/odml/litert_lm/runtime/executor/llm_litert_compiled_model_executor.cc:1763]
└ ERROR: [third_party/odml/litert/litert/cc/litert_profiler.h:91]
=== Source Location Trace: === 
third_party/odml/litert/litert/cc/litert_macros.h:547
W0000 00:00:1788770487.838950    5591 tasks.cc:672] Failed to get decode profile summary: INVALID_ARGUMENT: ERROR: [third_party/odml/litert_lm/runtime/executor/llm_litert_compiled_model_executor.cc:1763]
└ ERROR: [third_party/odml/litert/litert/cc/litert_profiler.h:91]
=== Source Location Trace: === 
third_party/odml/litert/litert/cc/litert_macros.h:547
step   5 day 0 h 5 ['PLACE', 'SHEEP', 1]      hands=3 mkt=[]                                 legal 21.91s
        example[model] {"farmer":["PLACE","SHEEP",1],"hands":[["PLACE","SHEEP",1],["PLACE","SHEEP",1],["PLACE","SHEEP",
        example[teacher:../cloud-dispatch/candidate.py::agent] {"plan":"north: productive tile/unit work","farmer":["NORTH"],"hands":[["PLANT","MELON"],["CARE"
        plan: acquire_pasture_and_seed_melons
        outcome: ineffective -- unit1 ['PLACE', 'SHEEP', 1] did nothing in context (1 of 4 ops)
W0000 00:00:1788770487.953189    5576 mel_filterbank.cc:137] Missing 10 bands  starting at 0 in mel-frequency design. Perhaps too many channels or not enough frequency resolution in spectrum. (fft_length: 257 sample_rate: 16000 mel_channel_count: 128 lower_frequency_limit: 0 upper_frequency_limit: 8000
I0000 00:00:1788770488.742072    5576 vocab_utils.cc:467] Converted 262158 tokens into 278614 state FST in 426.977205ms
W0000 00:00:1788770507.130767    5591 tasks.cc:490] Failed to get prefill profile summary: INVALID_ARGUMENT: ERROR: [third_party/odml/litert_lm/runtime/executor/llm_litert_compiled_model_executor.cc:1763]
└ ERROR: [third_party/odml/litert/litert/cc/litert_profiler.h:91]
=== Source Location Trace: === 
third_party/odml/litert/litert/cc/litert_macros.h:547
W0000 00:00:1788770511.829791    5591 tasks.cc:672] Failed to get decode profile summary: INVALID_ARGUMENT: ERROR: [third_party/odml/litert_lm/runtime/executor/llm_litert_compiled_model_executor.cc:1763]
└ ERROR: [third_party/odml/litert/litert/cc/litert_profiler.h:91]
=== Source Location Trace: === 
third_party/odml/litert/litert/cc/litert_macros.h:547
step   6 day 0 h 6 ['CARE']                   hands=3 mkt=[]                                 legal 21.26s
        example[model] {"farmer":["PLACE","SHEEP",1],"hands":[["PLACE","SHEEP",1],["PLACE","SHEEP",1],["PLACE","SHEEP",
        example[model] {"farmer":["NORTH"],"hands":[["PASS"],["BUILD_PASTURE"],["PASS"]],"market":[],"plan":"acquire_pa
        plan: acquire_pasture_and_seed_melons
        outcome: ineffective -- unit1 ['CARE'] did nothing in context (1 of 4 ops)
W0000 00:00:1788770511.953414    5576 mel_filterbank.cc:137] Missing 10 bands  starting at 0 in mel-frequency design. Perhaps too many channels or not enough frequency resolution in spectrum. (fft_length: 257 sample_rate: 16000 mel_channel_count: 128 lower_frequency_limit: 0 upper_frequency_limit: 8000
I0000 00:00:1788770512.764387    5576 vocab_utils.cc:467] Converted 262158 tokens into 278614 state FST in 450.281899ms
W0000 00:00:1788770531.742299    5591 tasks.cc:490] Failed to get prefill profile summary: INVALID_ARGUMENT: ERROR: [third_party/odml/litert_lm/runtime/executor/llm_litert_compiled_model_executor.cc:1763]
└ ERROR: [third_party/odml/litert/litert/cc/litert_profiler.h:91]
=== Source Location Trace: === 
third_party/odml/litert/litert/cc/litert_macros.h:547
W0000 00:00:1788770535.644370    5591 tasks.cc:672] Failed to get decode profile summary: INVALID_ARGUMENT: ERROR: [third_party/odml/litert_lm/runtime/executor/llm_litert_compiled_model_executor.cc:1763]
└ ERROR: [third_party/odml/litert/litert/cc/litert_profiler.h:91]
=== Source Location Trace: === 
third_party/odml/litert/litert/cc/litert_macros.h:547
step   7 day 0 h 7 ['NORTH']                  hands=3 mkt=[]                                 legal 21.01s
        example[model] {"farmer":["PLACE","SHEEP",1],"hands":[["PLACE","SHEEP",1],["PLACE","SHEEP",1],["PLACE","SHEEP",
        example[model] {"farmer":["NORTH"],"hands":[["PASS"],["BUILD_PASTURE"],["PASS"]],"market":[],"plan":"acquire_pa
        plan: , acquire_pasture_and_seed_melons
        outcome: pending -- cared for an animal not yet fed today; the bonus lands at the refresh only if it is also fed before then
W0000 00:00:1788770535.781127    5576 mel_filterbank.cc:137] Missing 10 bands  starting at 0 in mel-frequency design. Perhaps too many channels or not enough frequency resolution in spectrum. (fft_length: 257 sample_rate: 16000 mel_channel_count: 128 lower_frequency_limit: 0 upper_frequency_limit: 8000
I0000 00:00:1788770536.638330    5576 vocab_utils.cc:467] Converted 262158 tokens into 278614 state FST in 422.035538ms
W0000 00:00:1788770554.544251    5591 tasks.cc:490] Failed to get prefill profile summary: INVALID_ARGUMENT: ERROR: [third_party/odml/litert_lm/runtime/executor/llm_litert_compiled_model_executor.cc:1763]
└ ERROR: [third_party/odml/litert/litert/cc/litert_profiler.h:91]
=== Source Location Trace: === 
third_party/odml/litert/litert/cc/litert_macros.h:547
W0000 00:00:1788770558.679337    5591 tasks.cc:672] Failed to get decode profile summary: INVALID_ARGUMENT: ERROR: [third_party/odml/litert_lm/runtime/executor/llm_litert_compiled_model_executor.cc:1763]
└ ERROR: [third_party/odml/litert/litert/cc/litert_profiler.h:91]
=== Source Location Trace: === 
third_party/odml/litert/litert/cc/litert_macros.h:547
step   8 day 0 h 8 ['BUILD_PASTURE']          hands=3 mkt=[]                                 legal 20.23s
        example[model] {"farmer":["BUILD_PASTURE"],"hands":[["PASS"],["PASS"],["PASS"]],"market":[],"plan":"acquire_pas
        example[teacher:../cloud-dispatch/candidate.py::agent] {"plan":"plant melon: productive tile/unit work","farmer":["PLANT","MELON"],"hands":[["NORTH"],[
        plan: , acquire_pasture_and_seed_melons
        outcome: pending -- structure built with no animal on it yet; it pays only once an animal is installed and fed
W0000 00:00:1788770558.795108    5576 mel_filterbank.cc:137] Missing 10 bands  starting at 0 in mel-frequency design. Perhaps too many channels or not enough frequency resolution in spectrum. (fft_length: 257 sample_rate: 16000 mel_channel_count: 128 lower_frequency_limit: 0 upper_frequency_limit: 8000
I0000 00:00:1788770559.552798    5576 vocab_utils.cc:467] Converted 262158 tokens into 278614 state FST in 417.909769ms
