INFO: [environment.cc:36] Creating LiteRT environment with options
WARNING: [npu_registry.cc:34] NPU accelerator could not be loaded and registered: kLiteRtStatusErrorInvalidArgument.
INFO: [accelerator_registry.cc:54] RegisterAccelerator: ptr=0x3f287dc0, name=GPU WebGPU
INFO: [gpu_registry.cc:87] Statically linked GPU accelerator registered.
INFO: [accelerator_registry.cc:54] RegisterAccelerator: ptr=0x3f289340, name=CpuAccelerator
INFO: [cpu_registry.cc:75] XNNPACK CPU accelerator registered.
INFO: [environment.cc:36] Creating LiteRT environment with options
WARNING: [npu_registry.cc:34] NPU accelerator could not be loaded and registered: kLiteRtStatusErrorInvalidArgument.
INFO: [accelerator_registry.cc:54] RegisterAccelerator: ptr=0x3f38ec70, name=GPU WebGPU
INFO: [gpu_registry.cc:87] Statically linked GPU accelerator registered.
INFO: [accelerator_registry.cc:54] RegisterAccelerator: ptr=0x40c2d4b0, name=CpuAccelerator
INFO: [cpu_registry.cc:75] XNNPACK CPU accelerator registered.
WARNING: Logging before InitGoogle() is written to STDERR
W0000 00:00:1788772666.732440    9148 litert_lm_loader.cc:291] Section not found: 	
W0000 00:00:1788772666.732529    9148 litert_lm_loader.cc:291] Section not found: 	
INFO: [magic_number_utils.cc:101] Loaded: num_subgraphs=1340, num_signatures=4
INFO: [magic_number_utils.cc:109]   signature=decode, subgraph_index=0, num_tensors=3514, num_inputs=53, num_outputs=50, num_ops=2712
INFO: [magic_number_utils.cc:109]   signature=prefill_1024, subgraph_index=1, num_tensors=2309, num_inputs=53, num_outputs=48, num_ops=1773
INFO: [magic_number_utils.cc:109]   signature=prefill_128, subgraph_index=2, num_tensors=2309, num_inputs=53, num_outputs=48, num_ops=1773
INFO: [magic_number_utils.cc:109]   signature=verify, subgraph_index=3, num_tensors=3606, num_inputs=53, num_outputs=50, num_ops=2801
INFO: [magic_number_utils.cc:113] Magic number configs: num_configs=1
INFO: [magic_number_utils.cc:120]   config[0]: magic_number=32003, target_number=4096, signature_prefix=null
INFO: [magic_number_utils.cc:536] 577 tensors of signature decode have been updated for magic number  32003 to target number 4096
INFO: [magic_number_utils.cc:536] 426 tensors of signature prefill_1024 have been updated for magic number  32003 to target number 4096
INFO: [magic_number_utils.cc:536] 426 tensors of signature prefill_128 have been updated for magic number  32003 to target number 4096
INFO: [magic_number_utils.cc:536] 581 tensors of signature verify have been updated for magic number  32003 to target number 4096
INFO: [compiled_model.cc:833] Flatbuffer model initialized directly from incoming litert model.
INFO: Created TensorFlow Lite XNNPACK delegate for CPU.
INFO: [environment.cc:36] Creating LiteRT environment with options
WARNING: [npu_registry.cc:34] NPU accelerator could not be loaded and registered: kLiteRtStatusErrorInvalidArgument.
INFO: [accelerator_registry.cc:54] RegisterAccelerator: ptr=0x466da300, name=GPU WebGPU
INFO: [gpu_registry.cc:87] Statically linked GPU accelerator registered.
INFO: [accelerator_registry.cc:54] RegisterAccelerator: ptr=0x46b04ff0, name=CpuAccelerator
INFO: [cpu_registry.cc:75] XNNPACK CPU accelerator registered.
INFO: [magic_number_utils.cc:101] Loaded: num_subgraphs=1, num_signatures=1
INFO: [magic_number_utils.cc:109]   signature=embedder, subgraph_index=0, num_tensors=16, num_inputs=1, num_outputs=1, num_ops=8
INFO: [magic_number_utils.cc:113] Magic number configs: num_configs=1
INFO: [magic_number_utils.cc:120]   config[0]: magic_number=32003, target_number=4096, signature_prefix=null
INFO: [compiled_model.cc:833] Flatbuffer model initialized directly from incoming litert model.
INFO: [magic_number_utils.cc:101] Loaded: num_subgraphs=1, num_signatures=1
INFO: [magic_number_utils.cc:109]   signature=eoa, subgraph_index=0, num_tensors=1, num_inputs=0, num_outputs=1, num_ops=0
INFO: [magic_number_utils.cc:113] Magic number configs: num_configs=1
INFO: [magic_number_utils.cc:120]   config[0]: magic_number=32003, target_number=4096, signature_prefix=null
INFO: [compiled_model.cc:833] Flatbuffer model initialized directly from incoming litert model.
INFO: [compiled_model.cc:1790] Tracked constant output tensor eoa_embedding with locked address
INFO: [magic_number_utils.cc:101] Loaded: num_subgraphs=1, num_signatures=1
INFO: [magic_number_utils.cc:109]   signature=eoi, subgraph_index=0, num_tensors=1, num_inputs=0, num_outputs=1, num_ops=0
INFO: [magic_number_utils.cc:113] Magic number configs: num_configs=1
INFO: [magic_number_utils.cc:120]   config[0]: magic_number=32003, target_number=4096, signature_prefix=null
INFO: [compiled_model.cc:833] Flatbuffer model initialized directly from incoming litert model.
INFO: [compiled_model.cc:1790] Tracked constant output tensor eoi_embedding with locked address
INFO: [magic_number_utils.cc:101] Loaded: num_subgraphs=1, num_signatures=1
INFO: [magic_number_utils.cc:109]   signature=per_layer_embedder, subgraph_index=0, num_tensors=97, num_inputs=1, num_outputs=1, num_ops=49
INFO: [magic_number_utils.cc:113] Magic number configs: num_configs=1
INFO: [magic_number_utils.cc:120]   config[0]: magic_number=32003, target_number=4096, signature_prefix=null
INFO: [compiled_model.cc:833] Flatbuffer model initialized directly from incoming litert model.
W0000 00:00:1788772667.248541    9148 mel_filterbank.cc:137] Missing 10 bands  starting at 0 in mel-frequency design. Perhaps too many channels or not enough frequency resolution in spectrum. (fft_length: 257 sample_rate: 16000 mel_channel_count: 128 lower_frequency_limit: 0 upper_frequency_limit: 8000
I0000 00:00:1788772667.366592    9148 init-domain.cc:132] Fiber init: default domain = futex, concurrency = 4, prefix = futex-default
I0000 00:00:1788772668.139088    9148 vocab_utils.cc:467] Converted 262158 tokens into 278614 state FST in 472.489538ms
W0000 00:00:1788772688.583266    9163 tasks.cc:490] Failed to get prefill profile summary: INVALID_ARGUMENT: ERROR: [third_party/odml/litert_lm/runtime/executor/llm_litert_compiled_model_executor.cc:1763]
└ ERROR: [third_party/odml/litert/litert/cc/litert_profiler.h:91]
=== Source Location Trace: ===
third_party/odml/litert/litert/cc/litert_macros.h:547
W0000 00:00:1788772698.175966    9163 tasks.cc:672] Failed to get decode profile summary: INVALID_ARGUMENT: ERROR: [third_party/odml/litert_lm/runtime/executor/llm_litert_compiled_model_executor.cc:1763]
└ ERROR: [third_party/odml/litert/litert/cc/litert_profiler.h:91]
=== Source Location Trace: ===
third_party/odml/litert/litert/cc/litert_macros.h:547
step   3 day 0 h 3 ['NORTH']                  hands=3 mkt=[['BUY_ANIMAL', 'COW', 1]]         legal 28.14s
        example[teacher:../cloud-dispatch/candidate.py::agent] {"plan":"north: cash +29","farmer":["NORTH"],"hands":[["SOUTH"],["EAST"],["BUILD_PASTURE"]],"mar
        example[teacher:../cloud-dispatch/candidate.py::agent] {"plan":"feed: productive tile/unit work","farmer":["FEED"],"hands":[["PLACE","SHEEP"],["PLACE",
        plan: build_pasture
        outcome: neutral -- movement or storage only
W0000 00:00:1788772698.304263    9148 mel_filterbank.cc:137] Missing 10 bands  starting at 0 in mel-frequency design. Perhaps too many channels or not enough frequency resolution in spectrum. (fft_length: 257 sample_rate: 16000 mel_channel_count: 128 lower_frequency_limit: 0 upper_frequency_limit: 8000
I0000 00:00:1788772699.084693    9148 vocab_utils.cc:467] Converted 262158 tokens into 278614 state FST in 415.322087ms
W0000 00:00:1788772714.187414    9163 tasks.cc:490] Failed to get prefill profile summary: INVALID_ARGUMENT: ERROR: [third_party/odml/litert_lm/runtime/executor/llm_litert_compiled_model_executor.cc:1763]
└ ERROR: [third_party/odml/litert/litert/cc/litert_profiler.h:91]
=== Source Location Trace: ===
third_party/odml/litert/litert/cc/litert_macros.h:547
W0000 00:00:1788772717.058052    9163 tasks.cc:672] Failed to get decode profile summary: INVALID_ARGUMENT: ERROR: [third_party/odml/litert_lm/runtime/executor/llm_litert_compiled_model_executor.cc:1763]
└ ERROR: [third_party/odml/litert/litert/cc/litert_profiler.h:91]
=== Source Location Trace: ===
third_party/odml/litert/litert/cc/litert_macros.h:547
step   4 day 0 h 4 ['BUILD_PASTURE']          hands=3 mkt=[]                                 legal 16.16s
        example[teacher:../cloud-dispatch/candidate.py::agent] {"plan":"plant melon: productive tile/unit work","farmer":["PLANT","MELON"],"hands":[["NORTH"],[
        plan: build pasture
        outcome: pending -- structure built with no animal on it yet; it pays only once an animal is installed and fed
W0000 00:00:1788772717.164033    9148 mel_filterbank.cc:137] Missing 10 bands  starting at 0 in mel-frequency design. Perhaps too many channels or not enough frequency resolution in spectrum. (fft_length: 257 sample_rate: 16000 mel_channel_count: 128 lower_frequency_limit: 0 upper_frequency_limit: 8000
I0000 00:00:1788772717.917166    9148 vocab_utils.cc:467] Converted 262158 tokens into 278614 state FST in 409.73172ms
W0000 00:00:1788772734.473533    9163 tasks.cc:490] Failed to get prefill profile summary: INVALID_ARGUMENT: ERROR: [third_party/odml/litert_lm/runtime/executor/llm_litert_compiled_model_executor.cc:1763]
└ ERROR: [third_party/odml/litert/litert/cc/litert_profiler.h:91]
=== Source Location Trace: ===
third_party/odml/litert/litert/cc/litert_macros.h:547
W0000 00:00:1788772738.406308    9163 tasks.cc:672] Failed to get decode profile summary: INVALID_ARGUMENT: ERROR: [third_party/odml/litert_lm/runtime/executor/llm_litert_compiled_model_executor.cc:1763]
└ ERROR: [third_party/odml/litert/litert/cc/litert_profiler.h:91]
=== Source Location Trace: ===
third_party/odml/litert/litert/cc/litert_macros.h:547
step   5 day 0 h 5 ['SOUTH']                  hands=3 mkt=[]                                 legal 18.56s
        example[teacher:../cloud-dispatch/candidate.py::agent] {"plan":"north: productive tile/unit work","farmer":["NORTH"],"hands":[["PLANT","MELON"],["CARE"
        example[teacher:../cloud-dispatch/candidate.py::agent] {"plan":"west: productive tile/unit work","farmer":["WEST"],"hands":[["FEED"],["NORTH"],["PLANT"
        plan: build pasture
        outcome: pending -- structure built with no animal on it yet; it pays only once an animal is installed and fed
W0000 00:00:1788772738.524534    9148 mel_filterbank.cc:137] Missing 10 bands  starting at 0 in mel-frequency design. Perhaps too many channels or not enough frequency resolution in spectrum. (fft_length: 257 sample_rate: 16000 mel_channel_count: 128 lower_frequency_limit: 0 upper_frequency_limit: 8000
I0000 00:00:1788772739.394254    9148 vocab_utils.cc:467] Converted 262158 tokens into 278614 state FST in 502.503094ms
W0000 00:00:1788772755.720911    9163 tasks.cc:490] Failed to get prefill profile summary: INVALID_ARGUMENT: ERROR: [third_party/odml/litert_lm/runtime/executor/llm_litert_compiled_model_executor.cc:1763]
└ ERROR: [third_party/odml/litert/litert/cc/litert_profiler.h:91]
=== Source Location Trace: ===
third_party/odml/litert/litert/cc/litert_macros.h:547
W0000 00:00:1788772758.316848    9163 tasks.cc:672] Failed to get decode profile summary: INVALID_ARGUMENT: ERROR: [third_party/odml/litert_lm/runtime/executor/llm_litert_compiled_model_executor.cc:1763]
└ ERROR: [third_party/odml/litert/litert/cc/litert_profiler.h:91]
=== Source Location Trace: ===
third_party/odml/litert/litert/cc/litert_macros.h:547
step   6 day 0 h 6 ['NORTH']                  hands=3 mkt=[]                                 legal 16.82s
        example[teacher:../cloud-dispatch/candidate.py::agent] {"plan":"north: cash +29","farmer":["NORTH"],"hands":[["SOUTH"],["EAST"],["BUILD_PASTURE"]],"mar
        example[teacher:../cloud-dispatch/candidate.py::agent] {"plan":"feed: productive tile/unit work","farmer":["FEED"],"hands":[["PLACE","SHEEP"],["PLACE",
        plan: build pasture
        outcome: neutral -- movement or storage only
W0000 00:00:1788772758.422308    9148 mel_filterbank.cc:137] Missing 10 bands  starting at 0 in mel-frequency design. Perhaps too many channels or not enough frequency resolution in spectrum. (fft_length: 257 sample_rate: 16000 mel_channel_count: 128 lower_frequency_limit: 0 upper_frequency_limit: 8000
I0000 00:00:1788772759.158960    9148 vocab_utils.cc:467] Converted 262158 tokens into 278614 state FST in 398.993493ms
W0000 00:00:1788772774.664816    9163 tasks.cc:490] Failed to get prefill profile summary: INVALID_ARGUMENT: ERROR: [third_party/odml/litert_lm/runtime/executor/llm_litert_compiled_model_executor.cc:1763]
└ ERROR: [third_party/odml/litert/litert/cc/litert_profiler.h:91]
=== Source Location Trace: ===
third_party/odml/litert/litert/cc/litert_macros.h:547
W0000 00:00:1788772778.473261    9163 tasks.cc:672] Failed to get decode profile summary: INVALID_ARGUMENT: ERROR: [third_party/odml/litert_lm/runtime/executor/llm_litert_compiled_model_executor.cc:1763]
└ ERROR: [third_party/odml/litert/litert/cc/litert_profiler.h:91]
=== Source Location Trace: ===
third_party/odml/litert/litert/cc/litert_macros.h:547
step   7 day 0 h 7 ['SOUTH']                  hands=3 mkt=[]                                 legal 17.64s
        example[teacher:../cloud-dispatch/candidate.py::agent] {"plan":"north: productive tile/unit work","farmer":["NORTH"],"hands":[["PLANT","MELON"],["CARE"
        example[teacher:../cloud-dispatch/candidate.py::agent] {"plan":"west: productive tile/unit work","farmer":["WEST"],"hands":[["FEED"],["NORTH"],["PLANT"
        plan: build pasture
        outcome: pending -- structure built with no animal on it yet; it pays only once an animal is installed and fed
W0000 00:00:1788772778.579656    9148 mel_filterbank.cc:137] Missing 10 bands  starting at 0 in mel-frequency design. Perhaps too many channels or not enough frequency resolution in spectrum. (fft_length: 257 sample_rate: 16000 mel_channel_count: 128 lower_frequency_limit: 0 upper_frequency_limit: 8000
I0000 00:00:1788772779.323926    9148 vocab_utils.cc:467] Converted 262158 tokens into 278614 state FST in 399.533722ms
W0000 00:00:1788772795.190908    9163 tasks.cc:490] Failed to get prefill profile summary: INVALID_ARGUMENT: ERROR: [third_party/odml/litert_lm/runtime/executor/llm_litert_compiled_model_executor.cc:1763]
└ ERROR: [third_party/odml/litert/litert/cc/litert_profiler.h:91]
=== Source Location Trace: ===
third_party/odml/litert/litert/cc/litert_macros.h:547
W0000 00:00:1788772798.626334    9163 tasks.cc:672] Failed to get decode profile summary: INVALID_ARGUMENT: ERROR: [third_party/odml/litert_lm/runtime/executor/llm_litert_compiled_model_executor.cc:1763]
└ ERROR: [third_party/odml/litert/litert/cc/litert_profiler.h:91]
=== Source Location Trace: ===
third_party/odml/litert/litert/cc/litert_macros.h:547
step   8 day 0 h 8 ['NORTH']                  hands=3 mkt=[['BUY_SEED', 'MELON', 1]]         legal 17.52s
        example[teacher:../cloud-dispatch/candidate.py::agent] {"plan":"north: cash +29","farmer":["NORTH"],"hands":[["SOUTH"],["EAST"],["BUILD_PASTURE"]],"mar
        example[teacher:../cloud-dispatch/candidate.py::agent] {"plan":"feed: productive tile/unit work","farmer":["FEED"],"hands":[["PLACE","SHEEP"],["PLACE",
        plan: build pasture
        outcome: neutral -- movement or storage only
W0000 00:00:1788772798.738859    9148 mel_filterbank.cc:137] Missing 10 bands  starting at 0 in mel-frequency design. Perhaps too many channels or not enough frequency resolution in spectrum. (fft_length: 257 sample_rate: 16000 mel_channel_count: 128 lower_frequency_limit: 0 upper_frequency_limit: 8000
I0000 00:00:1788772799.452014    9148 vocab_utils.cc:467] Converted 262158 tokens into 278614 state FST in 388.146966ms
W0000 00:00:1788772815.673768    9163 tasks.cc:490] Failed to get prefill profile summary: INVALID_ARGUMENT: ERROR: [third_party/odml/litert_lm/runtime/executor/llm_litert_compiled_model_executor.cc:1763]
└ ERROR: [third_party/odml/litert/litert/cc/litert_profiler.h:91]
=== Source Location Trace: ===
third_party/odml/litert/litert/cc/litert_macros.h:547
W0000 00:00:1788772819.442991    9163 tasks.cc:672] Failed to get decode profile summary: INVALID_ARGUMENT: ERROR: [third_party/odml/litert_lm/runtime/executor/llm_litert_compiled_model_executor.cc:1763]
└ ERROR: [third_party/odml/litert/litert/cc/litert_profiler.h:91]
=== Source Location Trace: ===
third_party/odml/litert/litert/cc/litert_macros.h:547
step   9 day 0 h 9 ['NORTH']                  hands=3 mkt=[]                                 legal 18.22s
        example[teacher:../cloud-dispatch/candidate.py::agent] {"plan":"north: productive tile/unit work","farmer":["NORTH"],"hands":[["PLANT","MELON"],["CARE"
        example[teacher:../cloud-dispatch/candidate.py::agent] {"plan":"west: productive tile/unit work","farmer":["WEST"],"hands":[["FEED"],["NORTH"],["PLANT"
        plan: build pasture
        outcome: pending -- structure built with no animal on it yet; it pays only once an animal is installed and fed
W0000 00:00:1788772819.559641    9148 mel_filterbank.cc:137] Missing 10 bands  starting at 0 in mel-frequency design. Perhaps too many channels or not enough frequency resolution in spectrum. (fft_length: 257 sample_rate: 16000 mel_channel_count: 128 lower_frequency_limit: 0 upper_frequency_limit: 8000
I0000 00:00:1788772820.302330    9148 vocab_utils.cc:467] Converted 262158 tokens into 278614 state FST in 385.298738ms
W0000 00:00:1788772836.258791    9163 tasks.cc:490] Failed to get prefill profile summary: INVALID_ARGUMENT: ERROR: [third_party/odml/litert_lm/runtime/executor/llm_litert_compiled_model_executor.cc:1763]
└ ERROR: [third_party/odml/litert/litert/cc/litert_profiler.h:91]
=== Source Location Trace: ===
third_party/odml/litert/litert/cc/litert_macros.h:547
W0000 00:00:1788772839.268090    9163 tasks.cc:672] Failed to get decode profile summary: INVALID_ARGUMENT: ERROR: [third_party/odml/litert_lm/runtime/executor/llm_litert_compiled_model_executor.cc:1763]
└ ERROR: [third_party/odml/litert/litert/cc/litert_profiler.h:91]
=== Source Location Trace: ===
third_party/odml/litert/litert/cc/litert_macros.h:547
step  10 day 0 h10 ['NORTH']                  hands=3 mkt=[]                                 legal 17.21s
        example[teacher:../cloud-dispatch/candidate.py::agent] {"plan":"north: productive tile/unit work","farmer":["NORTH"],"hands":[["PLANT","MELON"],["CARE"
        example[teacher:../cloud-dispatch/candidate.py::agent] {"plan":"west: productive tile/unit work","farmer":["WEST"],"hands":[["FEED"],["NORTH"],["PLANT"
        plan: build pasture
        outcome: neutral -- movement or storage only
W0000 00:00:1788772839.377869    9148 mel_filterbank.cc:137] Missing 10 bands  starting at 0 in mel-frequency design. Perhaps too many channels or not enough frequency resolution in spectrum. (fft_length: 257 sample_rate: 16000 mel_channel_count: 128 lower_frequency_limit: 0 upper_frequency_limit: 8000
I0000 00:00:1788772840.139179    9148 vocab_utils.cc:467] Converted 262158 tokens into 278614 state FST in 411.685677ms
W0000 00:00:1788772856.345519    9163 tasks.cc:490] Failed to get prefill profile summary: INVALID_ARGUMENT: ERROR: [third_party/odml/litert_lm/runtime/executor/llm_litert_compiled_model_executor.cc:1763]
└ ERROR: [third_party/odml/litert/litert/cc/litert_profiler.h:91]
=== Source Location Trace: ===
third_party/odml/litert/litert/cc/litert_macros.h:547
W0000 00:00:1788772859.351157    9163 tasks.cc:672] Failed to get decode profile summary: INVALID_ARGUMENT: ERROR: [third_party/odml/litert_lm/runtime/executor/llm_litert_compiled_model_executor.cc:1763]
└ ERROR: [third_party/odml/litert/litert/cc/litert_profiler.h:91]
=== Source Location Trace: ===
third_party/odml/litert/litert/cc/litert_macros.h:547
step  11 day 0 h11 ['SOUTH']                  hands=3 mkt=[]                                 legal 17.31s
        example[teacher:../cloud-dispatch/candidate.py::agent] {"plan":"north: productive tile/unit work","farmer":["NORTH"],"hands":[["PLANT","MELON"],["CARE"
        example[teacher:../cloud-dispatch/candidate.py::agent] {"plan":"west: productive tile/unit work","farmer":["WEST"],"hands":[["FEED"],["NORTH"],["PLANT"
        plan: build pasture
        outcome: pending -- structure built with no animal on it yet; it pays only once an animal is installed and fed
W0000 00:00:1788772859.478114    9148 mel_filterbank.cc:137] Missing 10 bands  starting at 0 in mel-frequency design. Perhaps too many channels or not enough frequency resolution in spectrum. (fft_length: 257 sample_rate: 16000 mel_channel_count: 128 lower_frequency_limit: 0 upper_frequency_limit: 8000
I0000 00:00:1788772860.240507    9148 vocab_utils.cc:467] Converted 262158 tokens into 278614 state FST in 424.334214ms
