INFO: [environment.cc:36] Creating LiteRT environment with options
WARNING: [npu_registry.cc:34] NPU accelerator could not be loaded and registered: kLiteRtStatusErrorInvalidArgument.
INFO: [accelerator_registry.cc:54] RegisterAccelerator: ptr=0x159b2c80, name=GPU WebGPU
INFO: [gpu_registry.cc:87] Statically linked GPU accelerator registered.
INFO: [accelerator_registry.cc:54] RegisterAccelerator: ptr=0x14b41840, name=CpuAccelerator
INFO: [cpu_registry.cc:75] XNNPACK CPU accelerator registered.
INFO: [environment.cc:36] Creating LiteRT environment with options
WARNING: [npu_registry.cc:34] NPU accelerator could not be loaded and registered: kLiteRtStatusErrorInvalidArgument.
INFO: [accelerator_registry.cc:54] RegisterAccelerator: ptr=0x15d46610, name=GPU WebGPU
INFO: [gpu_registry.cc:87] Statically linked GPU accelerator registered.
INFO: [accelerator_registry.cc:54] RegisterAccelerator: ptr=0x175e4e40, name=CpuAccelerator
INFO: [cpu_registry.cc:75] XNNPACK CPU accelerator registered.
WARNING: Logging before InitGoogle() is written to STDERR
W0000 00:00:1788770299.566037    5310 litert_lm_loader.cc:291] Section not found: 	
W0000 00:00:1788770299.566105    5310 litert_lm_loader.cc:291] Section not found: 	
INFO: [magic_number_utils.cc:101] Loaded: num_subgraphs=1340, num_signatures=4
INFO: [magic_number_utils.cc:109]   signature=decode, subgraph_index=0, num_tensors=3514, num_inputs=53, num_outputs=50, num_ops=2712
INFO: [magic_number_utils.cc:109]   signature=prefill_1024, subgraph_index=1, num_tensors=2309, num_inputs=53, num_outputs=48, num_ops=1773
INFO: [magic_number_utils.cc:109]   signature=prefill_128, subgraph_index=2, num_tensors=2309, num_inputs=53, num_outputs=48, num_ops=1773
INFO: [magic_number_utils.cc:109]   signature=verify, subgraph_index=3, num_tensors=3606, num_inputs=53, num_outputs=50, num_ops=2801
INFO: [magic_number_utils.cc:113] Magic number configs: num_configs=1
INFO: [magic_number_utils.cc:120]   config[0]: magic_number=32003, target_number=4096, signature_prefix=null
INFO: [magic_number_utils.cc:536] 577 tensors of signature decode have been updated for magic number  32003 to target number 4096
INFO: [magic_number_utils.cc:536] 426 tensors of signature prefill_1024 have been updated for magic number  32003 to target number 4096
INFO: [magic_number_utils.cc:536] 426 tensors of signature prefill_128 have been updated for magic number  32003 to target number 4096
INFO: [magic_number_utils.cc:536] 581 tensors of signature verify have been updated for magic number  32003 to target number 4096
INFO: [compiled_model.cc:833] Flatbuffer model initialized directly from incoming litert model.
INFO: Created TensorFlow Lite XNNPACK delegate for CPU.
INFO: [environment.cc:36] Creating LiteRT environment with options
WARNING: [npu_registry.cc:34] NPU accelerator could not be loaded and registered: kLiteRtStatusErrorInvalidArgument.
INFO: [accelerator_registry.cc:54] RegisterAccelerator: ptr=0x1c6385b0, name=GPU WebGPU
INFO: [gpu_registry.cc:87] Statically linked GPU accelerator registered.
INFO: [accelerator_registry.cc:54] RegisterAccelerator: ptr=0x1d6773b0, name=CpuAccelerator
INFO: [cpu_registry.cc:75] XNNPACK CPU accelerator registered.
INFO: [magic_number_utils.cc:101] Loaded: num_subgraphs=1, num_signatures=1
INFO: [magic_number_utils.cc:109]   signature=embedder, subgraph_index=0, num_tensors=16, num_inputs=1, num_outputs=1, num_ops=8
INFO: [magic_number_utils.cc:113] Magic number configs: num_configs=1
INFO: [magic_number_utils.cc:120]   config[0]: magic_number=32003, target_number=4096, signature_prefix=null
INFO: [compiled_model.cc:833] Flatbuffer model initialized directly from incoming litert model.
INFO: [magic_number_utils.cc:101] Loaded: num_subgraphs=1, num_signatures=1
INFO: [magic_number_utils.cc:109]   signature=eoa, subgraph_index=0, num_tensors=1, num_inputs=0, num_outputs=1, num_ops=0
INFO: [magic_number_utils.cc:113] Magic number configs: num_configs=1
INFO: [magic_number_utils.cc:120]   config[0]: magic_number=32003, target_number=4096, signature_prefix=null
INFO: [compiled_model.cc:833] Flatbuffer model initialized directly from incoming litert model.
INFO: [compiled_model.cc:1790] Tracked constant output tensor eoa_embedding with locked address
INFO: [magic_number_utils.cc:101] Loaded: num_subgraphs=1, num_signatures=1
INFO: [magic_number_utils.cc:109]   signature=eoi, subgraph_index=0, num_tensors=1, num_inputs=0, num_outputs=1, num_ops=0
INFO: [magic_number_utils.cc:113] Magic number configs: num_configs=1
INFO: [magic_number_utils.cc:120]   config[0]: magic_number=32003, target_number=4096, signature_prefix=null
INFO: [compiled_model.cc:833] Flatbuffer model initialized directly from incoming litert model.
INFO: [compiled_model.cc:1790] Tracked constant output tensor eoi_embedding with locked address
INFO: [magic_number_utils.cc:101] Loaded: num_subgraphs=1, num_signatures=1
INFO: [magic_number_utils.cc:109]   signature=per_layer_embedder, subgraph_index=0, num_tensors=97, num_inputs=1, num_outputs=1, num_ops=49
INFO: [magic_number_utils.cc:113] Magic number configs: num_configs=1
INFO: [magic_number_utils.cc:120]   config[0]: magic_number=32003, target_number=4096, signature_prefix=null
INFO: [compiled_model.cc:833] Flatbuffer model initialized directly from incoming litert model.
W0000 00:00:1788770300.053831    5310 mel_filterbank.cc:137] Missing 10 bands  starting at 0 in mel-frequency design. Perhaps too many channels or not enough frequency resolution in spectrum. (fft_length: 257 sample_rate: 16000 mel_channel_count: 128 lower_frequency_limit: 0 upper_frequency_limit: 8000
I0000 00:00:1788770300.145670    5310 init-domain.cc:132] Fiber init: default domain = futex, concurrency = 4, prefix = futex-default
I0000 00:00:1788770300.853572    5310 vocab_utils.cc:467] Converted 262158 tokens into 278614 state FST in 420.984589ms
W0000 00:00:1788770324.695579    5349 tasks.cc:490] Failed to get prefill profile summary: INVALID_ARGUMENT: ERROR: [third_party/odml/litert_lm/runtime/executor/llm_litert_compiled_model_executor.cc:1763]
└ ERROR: [third_party/odml/litert/litert/cc/litert_profiler.h:91]
=== Source Location Trace: ===
third_party/odml/litert/litert/cc/litert_macros.h:547
W0000 00:00:1788770335.814492    5349 tasks.cc:672] Failed to get decode profile summary: INVALID_ARGUMENT: ERROR: [third_party/odml/litert_lm/runtime/executor/llm_litert_compiled_model_executor.cc:1763]
└ ERROR: [third_party/odml/litert/litert/cc/litert_profiler.h:91]
=== Source Location Trace: ===
third_party/odml/litert/litert/cc/litert_macros.h:547
step   3 day 0 h 3 ['NORTH']                  hands=3 mkt=[['BUY_SEED', 'MELON', 2]]         legal 33.06s
        example[teacher:../cloud-dispatch/candidate.py::agent] {"plan":"north: cash +29","farmer":["NORTH"],"hands":[["SOUTH"],["EAST"],["BUILD_PASTURE"]],"mar
        example[teacher:../cloud-dispatch/candidate.py::agent] {"plan":"feed: productive tile/unit work","farmer":["FEED"],"hands":[["PLACE","SHEEP"],["PLACE",
        plan: acquire_pasture_and_seed_melons
        outcome: duplicate_on_tile -- 2 units at (4, 4) both emitted NORTH; only the first can have the intended effect
W0000 00:00:1788770335.920784    5310 mel_filterbank.cc:137] Missing 10 bands  starting at 0 in mel-frequency design. Perhaps too many channels or not enough frequency resolution in spectrum. (fft_length: 257 sample_rate: 16000 mel_channel_count: 128 lower_frequency_limit: 0 upper_frequency_limit: 8000
I0000 00:00:1788770336.696221    5310 vocab_utils.cc:467] Converted 262158 tokens into 278614 state FST in 410.888454ms
W0000 00:00:1788770353.407181    5349 tasks.cc:490] Failed to get prefill profile summary: INVALID_ARGUMENT: ERROR: [third_party/odml/litert_lm/runtime/executor/llm_litert_compiled_model_executor.cc:1763]
└ ERROR: [third_party/odml/litert/litert/cc/litert_profiler.h:91]
=== Source Location Trace: ===
third_party/odml/litert/litert/cc/litert_macros.h:547
W0000 00:00:1788770357.439161    5349 tasks.cc:672] Failed to get decode profile summary: INVALID_ARGUMENT: ERROR: [third_party/odml/litert_lm/runtime/executor/llm_litert_compiled_model_executor.cc:1763]
└ ERROR: [third_party/odml/litert/litert/cc/litert_profiler.h:91]
=== Source Location Trace: ===
third_party/odml/litert/litert/cc/litert_macros.h:547
step   4 day 0 h 4 ['BUILD_PASTURE']          hands=3 mkt=[]                                 legal 18.92s
        example[model] {"farmer":["BUILD_PASTURE"],"hands":[["PASS"],["PASS"],["PASS"]],"market":[],"plan":"acquire_pas
        example[teacher:../cloud-dispatch/candidate.py::agent] {"plan":"plant melon: productive tile/unit work","farmer":["PLANT","MELON"],"hands":[["NORTH"],[
        plan: acquire_pasture_and_seed_melons
        outcome: production -- productive tile work: BUILD_PASTURE  [BANKED]
W0000 00:00:1788770357.552979    5310 mel_filterbank.cc:137] Missing 10 bands  starting at 0 in mel-frequency design. Perhaps too many channels or not enough frequency resolution in spectrum. (fft_length: 257 sample_rate: 16000 mel_channel_count: 128 lower_frequency_limit: 0 upper_frequency_limit: 8000
I0000 00:00:1788770358.330580    5310 vocab_utils.cc:467] Converted 262158 tokens into 278614 state FST in 405.202431ms
W0000 00:00:1788770375.680882    5349 tasks.cc:490] Failed to get prefill profile summary: INVALID_ARGUMENT: ERROR: [third_party/odml/litert_lm/runtime/executor/llm_litert_compiled_model_executor.cc:1763]
└ ERROR: [third_party/odml/litert/litert/cc/litert_profiler.h:91]
=== Source Location Trace: ===
third_party/odml/litert/litert/cc/litert_macros.h:547
W0000 00:00:1788770381.369049    5349 tasks.cc:672] Failed to get decode profile summary: INVALID_ARGUMENT: ERROR: [third_party/odml/litert_lm/runtime/executor/llm_litert_compiled_model_executor.cc:1763]
└ ERROR: [third_party/odml/litert/litert/cc/litert_profiler.h:91]
=== Source Location Trace: ===
third_party/odml/litert/litert/cc/litert_macros.h:547
step   5 day 0 h 5 ['PLACE', 'SHEEP', 1]      hands=3 mkt=[]                                 legal 21.25s
        example[model] {"farmer":["PLACE","SHEEP",1],"hands":[["PLACE","SHEEP",1],["PLACE","SHEEP",1],["PLACE","SHEEP",
        example[teacher:../cloud-dispatch/candidate.py::agent] {"plan":"north: productive tile/unit work","farmer":["NORTH"],"hands":[["PLANT","MELON"],["CARE"
        plan: acquire_pasture_and_seed_melons
        outcome: ineffective -- unit1 ['PLACE', 'SHEEP', 1] did nothing in context (1 of 4 ops)
W0000 00:00:1788770381.516532    5310 mel_filterbank.cc:137] Missing 10 bands  starting at 0 in mel-frequency design. Perhaps too many channels or not enough frequency resolution in spectrum. (fft_length: 257 sample_rate: 16000 mel_channel_count: 128 lower_frequency_limit: 0 upper_frequency_limit: 8000
I0000 00:00:1788770382.348455    5310 vocab_utils.cc:467] Converted 262158 tokens into 278614 state FST in 455.068791ms
W0000 00:00:1788770403.350291    5349 tasks.cc:490] Failed to get prefill profile summary: INVALID_ARGUMENT: ERROR: [third_party/odml/litert_lm/runtime/executor/llm_litert_compiled_model_executor.cc:1763]
└ ERROR: [third_party/odml/litert/litert/cc/litert_profiler.h:91]
=== Source Location Trace: ===
third_party/odml/litert/litert/cc/litert_macros.h:547
