1788977039.889 module-loaded
1788977039.889 local-env-loaded
1788977039.895 journal-ready
1788977040.697 module-loaded
1788977040.697 local-env-loaded
1788977040.698 journal-ready
1788977041.632 module-loaded
1788977041.633 local-env-loaded
1788977041.634 journal-ready
1788977042.584 module-loaded
1788977042.584 local-env-loaded
1788977042.585 journal-ready
1788977043.569 module-loaded
1788977043.569 local-env-loaded
1788977043.571 journal-ready
1788977044.549 module-loaded
1788977044.549 local-env-loaded
1788977044.550 journal-ready
1788977045.562 module-loaded
1788977045.562 local-env-loaded
1788977045.563 journal-ready
1788977046.643 module-loaded
1788977046.643 local-env-loaded
1788977046.644 journal-ready
