test_captured_sources_unchanged_during_run (__main__.OutputPreservation.test_captured_sources_unchanged_during_run) ... ok
test_cleanup_failure_is_reported_not_called_success (__main__.OutputPreservation.test_cleanup_failure_is_reported_not_called_success) ... ok
test_closed_success_keeps_source_and_three_artifacts (__main__.OutputPreservation.test_closed_success_keeps_source_and_three_artifacts) ... ok
test_concurrent_entry_survives_exclusive_reservation (__main__.OutputPreservation.test_concurrent_entry_survives_exclusive_reservation) ... ok
test_directory_at_output_name_preserved (__main__.OutputPreservation.test_directory_at_output_name_preserved) ... ok
test_each_dangling_symlink_preserved (__main__.OutputPreservation.test_each_dangling_symlink_preserved) ... ok
test_each_direct_input_alias_preserved (__main__.OutputPreservation.test_each_direct_input_alias_preserved) ... ok
test_each_hardlink_input_alias_preserved (__main__.OutputPreservation.test_each_hardlink_input_alias_preserved) ... ok
test_each_symlink_input_alias_preserved (__main__.OutputPreservation.test_each_symlink_input_alias_preserved) ... ok
test_existing_artifact_refused_before_other_writes (__main__.OutputPreservation.test_existing_artifact_refused_before_other_writes) ... ok
test_existing_empty_directory_supported (__main__.OutputPreservation.test_existing_empty_directory_supported) ... ok
test_fsync_failure_rolls_back_reserved_set (__main__.OutputPreservation.test_fsync_failure_rolls_back_reserved_set) ... ok
test_main_maps_output_failure_to_two (__main__.OutputPreservation.test_main_maps_output_failure_to_two) ... ok
test_malformed_input_still_writes_nothing (__main__.OutputPreservation.test_malformed_input_still_writes_nothing) ... ok
test_missing_parent_directories_supported (__main__.OutputPreservation.test_missing_parent_directories_supported) ... ok
test_normal_and_optimized_cli_bytes_match (__main__.OutputPreservation.test_normal_and_optimized_cli_bytes_match) ... ok
test_open_success_retains_exit_one (__main__.OutputPreservation.test_open_success_retains_exit_one) ... ok
test_original_fixture_stays_two_two_two (__main__.OutputPreservation.test_original_fixture_stays_two_two_two) ... ok
test_outdir_equal_input_keeps_source (__main__.OutputPreservation.test_outdir_equal_input_keeps_source) ... ok
test_outdir_file_is_controlled_error_not_open_outcome (__main__.OutputPreservation.test_outdir_file_is_controlled_error_not_open_outcome) ... ok
test_partial_write_failure_rolls_back_reserved_set (__main__.OutputPreservation.test_partial_write_failure_rolls_back_reserved_set) ... ok
test_render_encoding_failure_precedes_all_artifacts (__main__.OutputPreservation.test_render_encoding_failure_precedes_all_artifacts) ... ok
test_replaced_output_is_not_deleted_during_rollback (__main__.OutputPreservation.test_replaced_output_is_not_deleted_during_rollback) ... ok
test_second_reservation_failure_removes_first (__main__.OutputPreservation.test_second_reservation_failure_removes_first) ... ok
test_second_run_refused_without_changing_first (__main__.OutputPreservation.test_second_run_refused_without_changing_first) ... ok
test_short_writes_preserve_all_bytes (__main__.OutputPreservation.test_short_writes_preserve_all_bytes) ... ok
test_unrelated_existing_file_preserved (__main__.OutputPreservation.test_unrelated_existing_file_preserved) ... ok
test_unsafe_content_still_writes_nothing (__main__.OutputPreservation.test_unsafe_content_still_writes_nothing) ... ok
test_zero_write_is_controlled_failure_not_infinite_loop (__main__.OutputPreservation.test_zero_write_is_controlled_failure_not_infinite_loop) ... ok

----------------------------------------------------------------------
Ran 29 tests in 18.692s

OK
